// Jest Snapshot v1, https://goo.gl/fbAQLP

exports[`Pruebas en <CounterApp> Debe de hacer match con el snapshot 1`] = `
<div>
  <div
    class="container mt-4"
  >
    <h1>
      Counter App
    </h1>
    <hr />
    <h2>
      Contador: 
      <strong>
        100
      </strong>
    </h2>
    <button
      class="btn btn-primary"
    >
      -1
    </button>
    <button
      aria-label="btn-reset"
      class="btn btn-primary m-3"
    >
      Reset
    </button>
    <button
      class="btn btn-primary"
    >
      +1
    </button>
  </div>
</div>
`;
